// Jest Snapshot v1, https://goo.gl/fbAQLP

exports[`test/component/addExpensesPage  :::::::  testing addExpensesPage component 1`] = `
<div>
  <div
    className="page-header"
  >
    <div
      className="content-container"
    >
      <h1
        className="page-header__title"
      >
        Add Expanse 
      </h1>
    </div>
  </div>
  <div
    className="content-container"
  >
    <ExpanseForm
      onSubmit={[Function]}
    />
  </div>
</div>
`;
