// Jest Snapshot v1, https://goo.gl/fbAQLP

exports[`src/test/components/EditExpensesPage ::::::::: toMatchSnapshot  1`] = `
<div>
  <ExpanseForm
    expense={
      Object {
        "amount": 600,
        "createdAt": 345600000,
        "description": "phone Reacharge",
        "id": 2,
        "notes": "took creatied Card for my mom from SBI bank",
      }
    }
    onSubmit={[Function]}
  />
  <button
    onClick={[Function]}
  >
    Remove
  </button>
</div>
`;
