// Jest Snapshot v1, https://goo.gl/fbAQLP

exports[`test/components/expensesList should render expensesList correctly  1`] = `
<div>
  <ExpensesListItems
    amount={30}
    createdAt={0}
    description="buy long note books"
    id={0}
    key="0"
    notes="buying the gun"
  />
  <ExpensesListItems
    amount={2500}
    createdAt={-345600000}
    description="my room rent"
    id={1}
    key="1"
    notes="my house rent"
  />
  <ExpensesListItems
    amount={600}
    createdAt={345600000}
    description="phone Reacharge"
    id={2}
    key="2"
    notes="took creatied Card for my mom from SBI bank"
  />
</div>
`;

exports[`test/components/expensesList should render expensesList correctly  2`] = `
<div>
  <h4>
    Zero exoenses  
  </h4>
</div>
`;
