// Jest Snapshot v1, https://goo.gl/fbAQLP

exports[`test/componnets/expensesListItems  should render expensesListItems correctly 1`] = `
<div>
  <Link
    to="/edit/1"
  >
     
    <h3
      className="expenses"
    >
         
      my room rent
       
    </h3>
     
  </Link>
  <p>
    $25.0000
    --
    December 28th, 1969
  </p>
  <hr />
</div>
`;
