// Jest Snapshot v1, https://goo.gl/fbAQLP

exports[`test/components/expensesList should render expensesList correctly  1`] = `
<div
  className="content-container"
>
  <div
    className="list-header"
  >
    <div
      className="breakpoint-for-mobile"
    >
      Expeneses
    </div>
    <div
      className="breakpoint-for-desktop"
    >
      Expenese
    </div>
    <div
      className="breakpoint-for-desktop"
    >
      Amount
    </div>
  </div>
  <ExpensesListItems
    amount={30}
    createdAt={0}
    description="buy long note books Lorem"
    id={0}
    key="0"
    notes="buying the gun"
  />
  <ExpensesListItems
    amount={2500}
    createdAt={-345600000}
    description="Car"
    id={1}
    key="1"
    notes="my house rent"
  />
  <ExpensesListItems
    amount={600}
    createdAt={345600000}
    description="phone Reacharge"
    id={2}
    key="2"
    notes="took creatied Card for my mom from SBI bank"
  />
</div>
`;

exports[`test/components/expensesList should render expensesList correctly  2`] = `
<div
  className="content-container"
>
  <div
    className="list-header"
  >
    <div
      className="breakpoint-for-mobile"
    >
      Expeneses
    </div>
    <div
      className="breakpoint-for-desktop"
    >
      Expenese
    </div>
    <div
      className="breakpoint-for-desktop"
    >
      Amount
    </div>
  </div>
  <div>
    <div
      className="list-item__noExpenses"
    >
      <h4>
        Zero exoenses  
      </h4>
      <h5>
        start adding a new expenses to your Mana budget-App 
      </h5>
    </div>
  </div>
</div>
`;
